============================= test session starts =============================
platform win32 -- Python 3.10.11, pytest-9.0.0, pluggy-1.6.0 -- C:\Program Files\Python310\python.exe
cachedir: .pytest_cache
rootdir: C:\GIT-Project\AI\IBKR AI Broker
configfile: pyproject.toml
plugins: anyio-4.11.0, asyncio-1.3.0, cov-7.0.0, mock-3.15.1, xdist-3.8.0
asyncio: mode=auto, debug=False, asyncio_default_fixture_loop_scope=function, asyncio_default_test_loop_scope=function
collecting ... collected 1 item

python : Traceback (most recent call last):
In riga:1 car:1
+ python -m pytest tests/test_mcp_server.py::
test_simulate_order_succes ...
+ ~~~~~~~~~~~~~~~~~~~~~~~~~~~~~~~~~~~~~~~~~~~
~~~~~~~~~~~~~~~~~~~~~~~~~~
    + CategoryInfo          : NotSpecified:  
   (Traceback (most recent call last)::Stri  
  ng) [], RemoteException
    + FullyQualifiedErrorId : NativeCommandE 
   rror
 
  File "C:\GIT-Project\AI\IBKR AI 
Broker\apps\mcp_server\main.py", line 373, 
in handle_simulate_order
    sim_result = 
simulator.simulate(portfolio, intent, 
market_price)
  File "C:\GIT-Project\AI\IBKR AI 
Broker\packages\trade_sim\simulator.py", 
line 47, in simulate
    if intent.quantity <= 0:
  File "C:\Users\user\AppData\Roaming\Python\
Python310\site-packages\pydantic\main.py", 
line 991, in __getattr__
    raise 
AttributeError(f'{type(self).__name__!r} 
object has no attribute {item!r}')
AttributeError: 'Portfolio' object has no 
attribute 'quantity'
tests/test_mcp_server.py::test_simulate_order_success DEBUG EXCEPTION in handle_simulate_order: AttributeError: 'Portfolio' object has no attribute 'quantity'
FAILED

================================== FAILURES ===================================
_________________________ test_simulate_order_success _________________________
tests\test_mcp_server.py:150: in test_simulate_order_success
    data = json.loads(result[0].text)
C:\Program Files\Python310\lib\json\__init__.py:346: in loads
    return _default_decoder.decode(s)
C:\Program Files\Python310\lib\json\decoder.py:337: in decode
    obj, end = self.raw_decode(s, idx=_w(s, 0).end())
C:\Program Files\Python310\lib\json\decoder.py:355: in raw_decode
    raise JSONDecodeError("Expecting value", s, err.value) from None
E   json.decoder.JSONDecodeError: Expecting value: line 1 column 1 (char 0)
============================== warnings summary ===============================
..\..\..\Users\user\AppData\Roaming\Python\Python310\site-packages\pydantic\_internal\_config.py:323
..\..\..\Users\user\AppData\Roaming\Python\Python310\site-packages\pydantic\_internal\_config.py:323
..\..\..\Users\user\AppData\Roaming\Python\Python310\site-packages\pydantic\_internal\_config.py:323
..\..\..\Users\user\AppData\Roaming\Python\Python310\site-packages\pydantic\_internal\_config.py:323
..\..\..\Users\user\AppData\Roaming\Python\Python310\site-packages\pydantic\_internal\_config.py:323
..\..\..\Users\user\AppData\Roaming\Python\Python310\site-packages\pydantic\_internal\_config.py:323
  C:\Users\user\AppData\Roaming\Python\Python310\site-packages\pydantic\_internal\_config.py:323: PydanticDeprecatedSince20: Support for class-based `config` is deprecated, use ConfigDict instead. Deprecated in Pydantic V2.0 to be removed in V3.0. See Pydantic V2 Migration Guide at https://errors.pydantic.dev/2.11/migration/
    warnings.warn(DEPRECATION_MESSAGE, DeprecationWarning)

-- Docs: https://docs.pytest.org/en/stable/how-to/capture-warnings.html
=========================== short test summary info ===========================
FAILED tests/test_mcp_server.py::test_simulate_order_success - json.decoder.JSONDecodeError: Expecting value: line 1 column 1 (char 0)
!!!!!!!!!!!!!!!!!!!!!!!!!! stopping after 1 failures !!!!!!!!!!!!!!!!!!!!!!!!!!
======================== 1 failed, 6 warnings in 1.80s ========================
